2026-09-14 00:53:16,237 - aqt.main - INFO - installer 140227415366528 aqtinstall(aqt) v3.1.21 on Python 3.11.16 [CPython GCC 13.3.0]
2026-09-14 00:53:16,238 - aqt.helper - DEBUG - helper 140227415366528 Attempt to download checksum at https://download.qt.io/online/qtsdkrepository/linux_x64/desktop/qt6_683/qt6_683/Updates.xml.sha256
2026-09-14 00:53:17,518 - aqt.helper - DEBUG - helper 140227415366528 Attempt to download checksum at https://download.qt.io/online/qtsdkrepository/linux_x64/extensions/qtwebengine/683/x86_64/Updates.xml.sha256
2026-09-14 00:53:18,842 - aqt.archives - INFO - archives 140227415366528 Found extension qtwebengine
2026-09-14 00:53:18,842 - aqt.helper - DEBUG - helper 140227415366528 Attempt to download checksum at https://download.qt.io/online/qtsdkrepository/linux_x64/extensions/qtpdf/683/x86_64/Updates.xml.sha256
2026-09-14 00:53:20,084 - aqt.archives - INFO - archives 140227415366528 Found extension qtpdf
2026-09-14 00:53:20,480 - aqt.helper - DEBUG - helper 139677077871488 Attempt to download checksum at https://download.qt.io/online/qtsdkrepository/linux_x64/desktop/qt6_683/qt6_683/qt.qt6.683.linux_gcc_64/6.8.3-0-202503201345qtbase-Linux-RHEL_8_10-GCC-Linux-RHEL_8_10-X86_64.7z.sha256
2026-09-14 00:53:20,480 - aqt.helper - DEBUG - helper 139977214503808 Attempt to download checksum at https://download.qt.io/online/qtsdkrepository/linux_x64/desktop/qt6_683/qt6_683/qt.qt6.683.linux_gcc_64/6.8.3-0-202503201345qtsvg-Linux-RHEL_8_10-GCC-Linux-RHEL_8_10-X86_64.7z.sha256
2026-09-14 00:53:20,496 - aqt.helper - DEBUG - helper 140653969550208 Attempt to download checksum at https://download.qt.io/online/qtsdkrepository/linux_x64/desktop/qt6_683/qt6_683/qt.qt6.683.linux_gcc_64/6.8.3-0-202503201345qtdeclarative-Linux-RHEL_8_10-GCC-Linux-RHEL_8_10-X86_64.7z.sha256
2026-09-14 00:53:20,497 - aqt.helper - DEBUG - helper 139721617591168 Attempt to download checksum at https://download.qt.io/online/qtsdkrepository/linux_x64/desktop/qt6_683/qt6_683/qt.qt6.683.linux_gcc_64/6.8.3-0-202503201345qttools-Linux-RHEL_8_10-GCC-Linux-RHEL_8_10-X86_64.7z.sha256
2026-09-14 00:53:20,998 - aqt.helper - INFO - helper 140653969550208 Downloading qtdeclarative...
2026-09-14 00:53:20,998 - aqt.installer - DEBUG - installer 140653969550208 Download URL: https://download.qt.io/online/qtsdkrepository/linux_x64/desktop/qt6_683/qt6_683/qt.qt6.683.linux_gcc_64/6.8.3-0-202503201345qtdeclarative-Linux-RHEL_8_10-GCC-Linux-RHEL_8_10-X86_64.7z
2026-09-14 00:53:21,012 - aqt.helper - INFO - helper 139977214503808 Downloading qtsvg...
2026-09-14 00:53:21,012 - aqt.installer - DEBUG - installer 139977214503808 Download URL: https://download.qt.io/online/qtsdkrepository/linux_x64/desktop/qt6_683/qt6_683/qt.qt6.683.linux_gcc_64/6.8.3-0-202503201345qtsvg-Linux-RHEL_8_10-GCC-Linux-RHEL_8_10-X86_64.7z
2026-09-14 00:53:21,013 - aqt.helper - INFO - helper 139677077871488 Downloading qtbase...
2026-09-14 00:53:21,014 - aqt.installer - DEBUG - installer 139677077871488 Download URL: https://download.qt.io/online/qtsdkrepository/linux_x64/desktop/qt6_683/qt6_683/qt.qt6.683.linux_gcc_64/6.8.3-0-202503201345qtbase-Linux-RHEL_8_10-GCC-Linux-RHEL_8_10-X86_64.7z
2026-09-14 00:53:21,022 - aqt.helper - INFO - helper 139721617591168 Downloading qttools...
2026-09-14 00:53:21,022 - aqt.installer - DEBUG - installer 139721617591168 Download URL: https://download.qt.io/online/qtsdkrepository/linux_x64/desktop/qt6_683/qt6_683/qt.qt6.683.linux_gcc_64/6.8.3-0-202503201345qttools-Linux-RHEL_8_10-GCC-Linux-RHEL_8_10-X86_64.7z
2026-09-14 00:53:21,493 - aqt.helper - DEBUG - helper 140653969550208 Asked to redirect(302) to: https://qt.mirror.constant.com/online/qtsdkrepository/linux_x64/desktop/qt6_683/qt6_683/qt.qt6.683.linux_gcc_64/6.8.3-0-202503201345qtdeclarative-Linux-RHEL_8_10-GCC-Linux-RHEL_8_10-X86_64.7z
2026-09-14 00:53:21,493 - aqt.helper - INFO - helper 140653969550208 Redirected: qt.mirror.constant.com
2026-09-14 00:53:21,507 - aqt.helper - DEBUG - helper 139977214503808 Asked to redirect(302) to: https://qt.mirror.constant.com/online/qtsdkrepository/linux_x64/desktop/qt6_683/qt6_683/qt.qt6.683.linux_gcc_64/6.8.3-0-202503201345qtsvg-Linux-RHEL_8_10-GCC-Linux-RHEL_8_10-X86_64.7z
2026-09-14 00:53:21,507 - aqt.helper - INFO - helper 139977214503808 Redirected: qt.mirror.constant.com
2026-09-14 00:53:21,539 - aqt.helper - DEBUG - helper 139721617591168 Asked to redirect(302) to: https://qt.mirror.constant.com/online/qtsdkrepository/linux_x64/desktop/qt6_683/qt6_683/qt.qt6.683.linux_gcc_64/6.8.3-0-202503201345qttools-Linux-RHEL_8_10-GCC-Linux-RHEL_8_10-X86_64.7z
2026-09-14 00:53:21,539 - aqt.helper - INFO - helper 139721617591168 Redirected: qt.mirror.constant.com
2026-09-14 00:53:21,612 - aqt.helper - DEBUG - helper 139677077871488 Asked to redirect(302) to: https://qt.mirror.constant.com/online/qtsdkrepository/linux_x64/desktop/qt6_683/qt6_683/qt.qt6.683.linux_gcc_64/6.8.3-0-202503201345qtbase-Linux-RHEL_8_10-GCC-Linux-RHEL_8_10-X86_64.7z
2026-09-14 00:53:21,612 - aqt.helper - INFO - helper 139677077871488 Redirected: qt.mirror.constant.com
2026-09-14 00:53:21,784 - aqt.installer - INFO - installer 139977214503808 Finished installation of qtsvg-Linux-RHEL_8_10-GCC-Linux-RHEL_8_10-X86_64.7z in 1.30598819
2026-09-14 00:53:21,796 - aqt.helper - DEBUG - helper 139977214503808 Attempt to download checksum at https://download.qt.io/online/qtsdkrepository/linux_x64/desktop/qt6_683/qt6_683/qt.qt6.683.linux_gcc_64/6.8.3-0-202503201345qttranslations-Linux-RHEL_8_10-GCC-Linux-RHEL_8_10-X86_64.7z.sha256
2026-09-14 00:53:22,295 - aqt.helper - INFO - helper 139977214503808 Downloading qttranslations...
2026-09-14 00:53:22,296 - aqt.installer - DEBUG - installer 139977214503808 Download URL: https://download.qt.io/online/qtsdkrepository/linux_x64/desktop/qt6_683/qt6_683/qt.qt6.683.linux_gcc_64/6.8.3-0-202503201345qttranslations-Linux-RHEL_8_10-GCC-Linux-RHEL_8_10-X86_64.7z
2026-09-14 00:53:22,952 - aqt.helper - DEBUG - helper 139977214503808 Asked to redirect(302) to: https://qt.mirror.constant.com/online/qtsdkrepository/linux_x64/desktop/qt6_683/qt6_683/qt.qt6.683.linux_gcc_64/6.8.3-0-202503201345qttranslations-Linux-RHEL_8_10-GCC-Linux-RHEL_8_10-X86_64.7z
2026-09-14 00:53:22,952 - aqt.helper - INFO - helper 139977214503808 Redirected: qt.mirror.constant.com
2026-09-14 00:53:23,586 - aqt.installer - INFO - installer 139977214503808 Finished installation of qttranslations-Linux-RHEL_8_10-GCC-Linux-RHEL_8_10-X86_64.7z in 1.79209539
2026-09-14 00:53:23,606 - aqt.helper - DEBUG - helper 139977214503808 Attempt to download checksum at https://download.qt.io/online/qtsdkrepository/linux_x64/desktop/qt6_683/qt6_683/qt.qt6.683.linux_gcc_64/6.8.3-0-202503201345qtwayland-Linux-RHEL_8_10-GCC-Linux-RHEL_8_10-X86_64.7z.sha256
2026-09-14 00:53:24,121 - aqt.helper - INFO - helper 139977214503808 Downloading qtwayland...
2026-09-14 00:53:24,122 - aqt.installer - DEBUG - installer 139977214503808 Download URL: https://download.qt.io/online/qtsdkrepository/linux_x64/desktop/qt6_683/qt6_683/qt.qt6.683.linux_gcc_64/6.8.3-0-202503201345qtwayland-Linux-RHEL_8_10-GCC-Linux-RHEL_8_10-X86_64.7z
2026-09-14 00:53:24,653 - aqt.helper - DEBUG - helper 139977214503808 Asked to redirect(302) to: https://qt.mirror.constant.com/online/qtsdkrepository/linux_x64/desktop/qt6_683/qt6_683/qt.qt6.683.linux_gcc_64/6.8.3-0-202503201345qtwayland-Linux-RHEL_8_10-GCC-Linux-RHEL_8_10-X86_64.7z
2026-09-14 00:53:24,654 - aqt.helper - INFO - helper 139977214503808 Redirected: qt.mirror.constant.com
2026-09-14 00:53:25,128 - aqt.installer - INFO - installer 139721617591168 Finished installation of qttools-Linux-RHEL_8_10-GCC-Linux-RHEL_8_10-X86_64.7z in 4.63252588
2026-09-14 00:53:25,145 - aqt.helper - DEBUG - helper 139721617591168 Attempt to download checksum at https://download.qt.io/online/qtsdkrepository/linux_x64/desktop/qt6_683/qt6_683/qt.qt6.683.linux_gcc_64/6.8.3-0-202503201345icu-linux-Rhel8.6-x86_64.7z.sha256
2026-09-14 00:53:25,150 - aqt.installer - INFO - installer 139977214503808 Finished installation of qtwayland-Linux-RHEL_8_10-GCC-Linux-RHEL_8_10-X86_64.7z in 1.54520995
2026-09-14 00:53:25,806 - aqt.helper - INFO - helper 139721617591168 Downloading icu...
2026-09-14 00:53:25,806 - aqt.installer - DEBUG - installer 139721617591168 Download URL: https://download.qt.io/online/qtsdkrepository/linux_x64/desktop/qt6_683/qt6_683/qt.qt6.683.linux_gcc_64/6.8.3-0-202503201345icu-linux-Rhel8.6-x86_64.7z
2026-09-14 00:53:26,311 - aqt.helper - DEBUG - helper 139721617591168 Asked to redirect(302) to: https://qt.mirror.constant.com/online/qtsdkrepository/linux_x64/desktop/qt6_683/qt6_683/qt.qt6.683.linux_gcc_64/6.8.3-0-202503201345icu-linux-Rhel8.6-x86_64.7z
2026-09-14 00:53:26,311 - aqt.helper - INFO - helper 139721617591168 Redirected: qt.mirror.constant.com
2026-09-14 00:53:26,823 - aqt.installer - INFO - installer 139677077871488 Finished installation of qtbase-Linux-RHEL_8_10-GCC-Linux-RHEL_8_10-X86_64.7z in 6.34504111
2026-09-14 00:53:27,372 - aqt.installer - INFO - installer 139721617591168 Finished installation of icu-linux-Rhel8.6-x86_64.7z in 2.22814725
2026-09-14 00:53:34,765 - aqt.installer - INFO - installer 140653969550208 Finished installation of qtdeclarative-Linux-RHEL_8_10-GCC-Linux-RHEL_8_10-X86_64.7z in 14.27040529
2026-09-14 00:53:34,862 - aqt.updater - INFO - updater 140227415366528 Patching /home/runner/work/FreeCAD/Qt/6.8.3/gcc_64/bin/qmake
2026-09-14 00:53:34,867 - aqt.updater - INFO - updater 140227415366528 Patching /home/runner/work/FreeCAD/Qt/6.8.3/gcc_64/lib/pkgconfig/Qt6QmlWorkerScript.pc
2026-09-14 00:53:34,867 - aqt.updater - INFO - updater 140227415366528 Patching /home/runner/work/FreeCAD/Qt/6.8.3/gcc_64/lib/pkgconfig/Qt6Widgets.pc
2026-09-14 00:53:34,867 - aqt.updater - INFO - updater 140227415366528 Patching /home/runner/work/FreeCAD/Qt/6.8.3/gcc_64/lib/pkgconfig/Qt6WaylandClient.pc
2026-09-14 00:53:34,868 - aqt.updater - INFO - updater 140227415366528 Patching /home/runner/work/FreeCAD/Qt/6.8.3/gcc_64/lib/pkgconfig/Qt6QuickControls2Basic.pc
2026-09-14 00:53:34,868 - aqt.updater - INFO - updater 140227415366528 Patching /home/runner/work/FreeCAD/Qt/6.8.3/gcc_64/lib/pkgconfig/Qt6QuickDialogs2QuickImpl.pc
2026-09-14 00:53:34,868 - aqt.updater - INFO - updater 140227415366528 Patching /home/runner/work/FreeCAD/Qt/6.8.3/gcc_64/lib/pkgconfig/Qt6PrintSupport.pc
2026-09-14 00:53:34,868 - aqt.updater - INFO - updater 140227415366528 Patching /home/runner/work/FreeCAD/Qt/6.8.3/gcc_64/lib/pkgconfig/Qt6LabsQmlModels.pc
2026-09-14 00:53:34,868 - aqt.updater - INFO - updater 140227415366528 Patching /home/runner/work/FreeCAD/Qt/6.8.3/gcc_64/lib/pkgconfig/Qt6QuickControls2ImagineStyleImpl.pc
2026-09-14 00:53:34,869 - aqt.updater - INFO - updater 140227415366528 Patching /home/runner/work/FreeCAD/Qt/6.8.3/gcc_64/lib/pkgconfig/Qt6QuickControls2UniversalStyleImpl.pc
2026-09-14 00:53:34,869 - aqt.updater - INFO - updater 140227415366528 Patching /home/runner/work/FreeCAD/Qt/6.8.3/gcc_64/lib/pkgconfig/Qt6QuickControls2Impl.pc
2026-09-14 00:53:34,869 - aqt.updater - INFO - updater 140227415366528 Patching /home/runner/work/FreeCAD/Qt/6.8.3/gcc_64/lib/pkgconfig/Qt6Gui.pc
2026-09-14 00:53:34,869 - aqt.updater - INFO - updater 140227415366528 Patching /home/runner/work/FreeCAD/Qt/6.8.3/gcc_64/lib/pkgconfig/Qt6Platform.pc
2026-09-14 00:53:34,869 - aqt.updater - INFO - updater 140227415366528 Patching /home/runner/work/FreeCAD/Qt/6.8.3/gcc_64/lib/pkgconfig/Qt6Qml.pc
2026-09-14 00:53:34,869 - aqt.updater - INFO - updater 140227415366528 Patching /home/runner/work/FreeCAD/Qt/6.8.3/gcc_64/lib/pkgconfig/Qt6QuickDialogs2Utils.pc
2026-09-14 00:53:34,870 - aqt.updater - INFO - updater 140227415366528 Patching /home/runner/work/FreeCAD/Qt/6.8.3/gcc_64/lib/pkgconfig/Qt6QmlMeta.pc
2026-09-14 00:53:34,870 - aqt.updater - INFO - updater 140227415366528 Patching /home/runner/work/FreeCAD/Qt/6.8.3/gcc_64/lib/pkgconfig/Qt6LabsSharedImage.pc
2026-09-14 00:53:34,870 - aqt.updater - INFO - updater 140227415366528 Patching /home/runner/work/FreeCAD/Qt/6.8.3/gcc_64/lib/pkgconfig/Qt6Designer.pc
2026-09-14 00:53:34,870 - aqt.updater - INFO - updater 140227415366528 Patching /home/runner/work/FreeCAD/Qt/6.8.3/gcc_64/lib/pkgconfig/Qt6QuickWidgets.pc
2026-09-14 00:53:34,871 - aqt.updater - INFO - updater 140227415366528 Patching /home/runner/work/FreeCAD/Qt/6.8.3/gcc_64/lib/pkgconfig/Qt6QmlXmlListModel.pc
2026-09-14 00:53:34,871 - aqt.updater - INFO - updater 140227415366528 Patching /home/runner/work/FreeCAD/Qt/6.8.3/gcc_64/lib/pkgconfig/Qt6UiTools.pc
2026-09-14 00:53:34,871 - aqt.updater - INFO - updater 140227415366528 Patching /home/runner/work/FreeCAD/Qt/6.8.3/gcc_64/lib/pkgconfig/Qt6QuickControls2Fusion.pc
2026-09-14 00:53:34,871 - aqt.updater - INFO - updater 140227415366528 Patching /home/runner/work/FreeCAD/Qt/6.8.3/gcc_64/lib/pkgconfig/Qt6Quick.pc
2026-09-14 00:53:34,872 - aqt.updater - INFO - updater 140227415366528 Patching /home/runner/work/FreeCAD/Qt/6.8.3/gcc_64/lib/pkgconfig/Qt6QuickControls2FluentWinUI3StyleImpl.pc
2026-09-14 00:53:34,872 - aqt.updater - INFO - updater 140227415366528 Patching /home/runner/work/FreeCAD/Qt/6.8.3/gcc_64/lib/pkgconfig/Qt6QuickControls2MaterialStyleImpl.pc
2026-09-14 00:53:34,872 - aqt.updater - INFO - updater 140227415366528 Patching /home/runner/work/FreeCAD/Qt/6.8.3/gcc_64/lib/pkgconfig/Qt6SvgWidgets.pc
2026-09-14 00:53:34,872 - aqt.updater - INFO - updater 140227415366528 Patching /home/runner/work/FreeCAD/Qt/6.8.3/gcc_64/lib/pkgconfig/Qt6QmlLocalStorage.pc
2026-09-14 00:53:34,872 - aqt.updater - INFO - updater 140227415366528 Patching /home/runner/work/FreeCAD/Qt/6.8.3/gcc_64/lib/pkgconfig/Qt6Svg.pc
2026-09-14 00:53:34,873 - aqt.updater - INFO - updater 140227415366528 Patching /home/runner/work/FreeCAD/Qt/6.8.3/gcc_64/lib/pkgconfig/Qt6QmlModels.pc
2026-09-14 00:53:34,873 - aqt.updater - INFO - updater 140227415366528 Patching /home/runner/work/FreeCAD/Qt/6.8.3/gcc_64/lib/pkgconfig/Qt6QuickControls2.pc
2026-09-14 00:53:34,873 - aqt.updater - INFO - updater 140227415366528 Patching /home/runner/work/FreeCAD/Qt/6.8.3/gcc_64/lib/pkgconfig/Qt6QmlCompiler.pc
2026-09-14 00:53:34,873 - aqt.updater - INFO - updater 140227415366528 Patching /home/runner/work/FreeCAD/Qt/6.8.3/gcc_64/lib/pkgconfig/Qt6QuickControls2Universal.pc
2026-09-14 00:53:34,873 - aqt.updater - INFO - updater 140227415366528 Patching /home/runner/work/FreeCAD/Qt/6.8.3/gcc_64/lib/pkgconfig/Qt6Core.pc
2026-09-14 00:53:34,874 - aqt.updater - INFO - updater 140227415366528 Patching /home/runner/work/FreeCAD/Qt/6.8.3/gcc_64/lib/pkgconfig/Qt6Sql.pc
2026-09-14 00:53:34,874 - aqt.updater - INFO - updater 140227415366528 Patching /home/runner/work/FreeCAD/Qt/6.8.3/gcc_64/lib/pkgconfig/Qt6QuickControls2FusionStyleImpl.pc
2026-09-14 00:53:34,874 - aqt.updater - INFO - updater 140227415366528 Patching /home/runner/work/FreeCAD/Qt/6.8.3/gcc_64/lib/pkgconfig/Qt6LabsFolderListModel.pc
2026-09-14 00:53:34,874 - aqt.updater - INFO - updater 140227415366528 Patching /home/runner/work/FreeCAD/Qt/6.8.3/gcc_64/lib/pkgconfig/Qt6OpenGL.pc
2026-09-14 00:53:34,874 - aqt.updater - INFO - updater 140227415366528 Patching /home/runner/work/FreeCAD/Qt/6.8.3/gcc_64/lib/pkgconfig/Qt6QmlCore.pc
2026-09-14 00:53:34,875 - aqt.updater - INFO - updater 140227415366528 Patching /home/runner/work/FreeCAD/Qt/6.8.3/gcc_64/lib/pkgconfig/Qt6Help.pc
2026-09-14 00:53:34,875 - aqt.updater - INFO - updater 140227415366528 Patching /home/runner/work/FreeCAD/Qt/6.8.3/gcc_64/lib/pkgconfig/Qt6DBus.pc
2026-09-14 00:53:34,875 - aqt.updater - INFO - updater 140227415366528 Patching /home/runner/work/FreeCAD/Qt/6.8.3/gcc_64/lib/pkgconfig/Qt6QuickVectorImage.pc
2026-09-14 00:53:34,875 - aqt.updater - INFO - updater 140227415366528 Patching /home/runner/work/FreeCAD/Qt/6.8.3/gcc_64/lib/pkgconfig/Qt6LabsPlatform.pc
2026-09-14 00:53:34,875 - aqt.updater - INFO - updater 140227415366528 Patching /home/runner/work/FreeCAD/Qt/6.8.3/gcc_64/lib/pkgconfig/Qt6QuickTest.pc
2026-09-14 00:53:34,876 - aqt.updater - INFO - updater 140227415366528 Patching /home/runner/work/FreeCAD/Qt/6.8.3/gcc_64/lib/pkgconfig/Qt6LabsWavefrontMesh.pc
2026-09-14 00:53:34,876 - aqt.updater - INFO - updater 140227415366528 Patching /home/runner/work/FreeCAD/Qt/6.8.3/gcc_64/lib/pkgconfig/Qt6QmlIntegration.pc
2026-09-14 00:53:34,876 - aqt.updater - INFO - updater 140227415366528 Patching /home/runner/work/FreeCAD/Qt/6.8.3/gcc_64/lib/pkgconfig/Qt6OpenGLWidgets.pc
2026-09-14 00:53:34,876 - aqt.updater - INFO - updater 140227415366528 Patching /home/runner/work/FreeCAD/Qt/6.8.3/gcc_64/lib/pkgconfig/Qt6Test.pc
2026-09-14 00:53:34,876 - aqt.updater - INFO - updater 140227415366528 Patching /home/runner/work/FreeCAD/Qt/6.8.3/gcc_64/lib/pkgconfig/Qt6LabsAnimation.pc
2026-09-14 00:53:34,877 - aqt.updater - INFO - updater 140227415366528 Patching /home/runner/work/FreeCAD/Qt/6.8.3/gcc_64/lib/pkgconfig/Qt6Concurrent.pc
2026-09-14 00:53:34,877 - aqt.updater - INFO - updater 140227415366528 Patching /home/runner/work/FreeCAD/Qt/6.8.3/gcc_64/lib/pkgconfig/Qt6QuickControls2Imagine.pc
2026-09-14 00:53:34,877 - aqt.updater - INFO - updater 140227415366528 Patching /home/runner/work/FreeCAD/Qt/6.8.3/gcc_64/lib/pkgconfig/Qt6QuickTemplates2.pc
2026-09-14 00:53:34,877 - aqt.updater - INFO - updater 140227415366528 Patching /home/runner/work/FreeCAD/Qt/6.8.3/gcc_64/lib/pkgconfig/Qt6QuickLayouts.pc
2026-09-14 00:53:34,877 - aqt.updater - INFO - updater 140227415366528 Patching /home/runner/work/FreeCAD/Qt/6.8.3/gcc_64/lib/pkgconfig/Qt6QuickDialogs2.pc
2026-09-14 00:53:34,878 - aqt.updater - INFO - updater 140227415366528 Patching /home/runner/work/FreeCAD/Qt/6.8.3/gcc_64/lib/pkgconfig/Qt6Network.pc
2026-09-14 00:53:34,878 - aqt.updater - INFO - updater 140227415366528 Patching /home/runner/work/FreeCAD/Qt/6.8.3/gcc_64/lib/pkgconfig/Qt6QuickControls2BasicStyleImpl.pc
2026-09-14 00:53:34,878 - aqt.updater - INFO - updater 140227415366528 Patching /home/runner/work/FreeCAD/Qt/6.8.3/gcc_64/lib/pkgconfig/Qt6LabsSettings.pc
2026-09-14 00:53:34,878 - aqt.updater - INFO - updater 140227415366528 Patching /home/runner/work/FreeCAD/Qt/6.8.3/gcc_64/lib/pkgconfig/Qt6QmlAssetDownloader.pc
2026-09-14 00:53:34,878 - aqt.updater - INFO - updater 140227415366528 Patching /home/runner/work/FreeCAD/Qt/6.8.3/gcc_64/lib/pkgconfig/Qt6Linguist.pc
2026-09-14 00:53:34,879 - aqt.updater - INFO - updater 140227415366528 Patching /home/runner/work/FreeCAD/Qt/6.8.3/gcc_64/lib/pkgconfig/Qt6UiPlugin.pc
2026-09-14 00:53:34,879 - aqt.updater - INFO - updater 140227415366528 Patching /home/runner/work/FreeCAD/Qt/6.8.3/gcc_64/lib/pkgconfig/Qt6QuickControls2Material.pc
2026-09-14 00:53:34,879 - aqt.updater - INFO - updater 140227415366528 Patching /home/runner/work/FreeCAD/Qt/6.8.3/gcc_64/lib/pkgconfig/Qt6Xml.pc
2026-09-14 00:53:34,879 - aqt.updater - INFO - updater 140227415366528 Patching /home/runner/work/FreeCAD/Qt/6.8.3/gcc_64/lib/pkgconfig/Qt6QmlNetwork.pc
2026-09-14 00:53:34,880 - aqt.updater - INFO - updater 140227415366528 Patching /home/runner/work/FreeCAD/Qt/6.8.3/gcc_64/lib/libQt6QuickControlsTestUtils.prl
2026-09-14 00:53:34,880 - aqt.updater - INFO - updater 140227415366528 Patching /home/runner/work/FreeCAD/Qt/6.8.3/gcc_64/lib/libQt6LabsFolderListModel.prl
2026-09-14 00:53:34,881 - aqt.updater - INFO - updater 140227415366528 Patching /home/runner/work/FreeCAD/Qt/6.8.3/gcc_64/lib/libQt6EglFsKmsGbmSupport.prl
2026-09-14 00:53:34,881 - aqt.updater - INFO - updater 140227415366528 Patching /home/runner/work/FreeCAD/Qt/6.8.3/gcc_64/lib/libQt6Designer.prl
2026-09-14 00:53:34,881 - aqt.updater - INFO - updater 140227415366528 Patching /home/runner/work/FreeCAD/Qt/6.8.3/gcc_64/lib/libQt6Help.prl
2026-09-14 00:53:34,881 - aqt.updater - INFO - updater 140227415366528 Patching /home/runner/work/FreeCAD/Qt/6.8.3/gcc_64/lib/libQt6InputSupport.prl
2026-09-14 00:53:34,882 - aqt.updater - INFO - updater 140227415366528 Patching /home/runner/work/FreeCAD/Qt/6.8.3/gcc_64/lib/libQt6PrintSupport.prl
2026-09-14 00:53:34,882 - aqt.updater - INFO - updater 140227415366528 Patching /home/runner/work/FreeCAD/Qt/6.8.3/gcc_64/lib/libQt6QmlCore.prl
2026-09-14 00:53:34,882 - aqt.updater - INFO - updater 140227415366528 Patching /home/runner/work/FreeCAD/Qt/6.8.3/gcc_64/lib/libQt6KmsSupport.prl
2026-09-14 00:53:34,882 - aqt.updater - INFO - updater 140227415366528 Patching /home/runner/work/FreeCAD/Qt/6.8.3/gcc_64/lib/libQt6QmlDebug.prl
2026-09-14 00:53:34,882 - aqt.updater - INFO - updater 140227415366528 Patching /home/runner/work/FreeCAD/Qt/6.8.3/gcc_64/lib/libQt6LabsPlatform.prl
2026-09-14 00:53:34,883 - aqt.updater - INFO - updater 140227415366528 Patching /home/runner/work/FreeCAD/Qt/6.8.3/gcc_64/lib/libQt6QmlTypeRegistrar.prl
2026-09-14 00:53:34,883 - aqt.updater - INFO - updater 140227415366528 Patching /home/runner/work/FreeCAD/Qt/6.8.3/gcc_64/lib/libQt6EglFsKmsSupport.prl
2026-09-14 00:53:34,883 - aqt.updater - INFO - updater 140227415366528 Patching /home/runner/work/FreeCAD/Qt/6.8.3/gcc_64/lib/libQt6UiTools.prl
2026-09-14 00:53:34,883 - aqt.updater - INFO - updater 140227415366528 Patching /home/runner/work/FreeCAD/Qt/6.8.3/gcc_64/lib/libQt6Sql.prl
2026-09-14 00:53:34,883 - aqt.updater - INFO - updater 140227415366528 Patching /home/runner/work/FreeCAD/Qt/6.8.3/gcc_64/lib/libQt6QuickControls2Impl.prl
2026-09-14 00:53:34,884 - aqt.updater - INFO - updater 140227415366528 Patching /home/runner/work/FreeCAD/Qt/6.8.3/gcc_64/lib/libQt6QmlLocalStorage.prl
2026-09-14 00:53:34,884 - aqt.updater - INFO - updater 140227415366528 Patching /home/runner/work/FreeCAD/Qt/6.8.3/gcc_64/lib/libQt6LabsSharedImage.prl
2026-09-14 00:53:34,884 - aqt.updater - INFO - updater 140227415366528 Patching /home/runner/work/FreeCAD/Qt/6.8.3/gcc_64/lib/libQt6QmlAssetDownloader.prl
2026-09-14 00:53:34,884 - aqt.updater - INFO - updater 140227415366528 Patching /home/runner/work/FreeCAD/Qt/6.8.3/gcc_64/lib/libQt6LabsQmlModels.prl
2026-09-14 00:53:34,884 - aqt.updater - INFO - updater 140227415366528 Patching /home/runner/work/FreeCAD/Qt/6.8.3/gcc_64/lib/libQt6QuickControls2Imagine.prl
2026-09-14 00:53:34,885 - aqt.updater - INFO - updater 140227415366528 Patching /home/runner/work/FreeCAD/Qt/6.8.3/gcc_64/lib/libQt6DesignerComponents.prl
2026-09-14 00:53:34,885 - aqt.updater - INFO - updater 140227415366528 Patching /home/runner/work/FreeCAD/Qt/6.8.3/gcc_64/lib/libQt6QuickLayouts.prl
2026-09-14 00:53:34,885 - aqt.updater - INFO - updater 140227415366528 Patching /home/runner/work/FreeCAD/Qt/6.8.3/gcc_64/lib/libQt6QuickControls2FluentWinUI3StyleImpl.prl
2026-09-14 00:53:34,885 - aqt.updater - INFO - updater 140227415366528 Patching /home/runner/work/FreeCAD/Qt/6.8.3/gcc_64/lib/libQt6QuickVectorImage.prl
2026-09-14 00:53:34,886 - aqt.updater - INFO - updater 140227415366528 Patching /home/runner/work/FreeCAD/Qt/6.8.3/gcc_64/lib/libQt6Qml.prl
2026-09-14 00:53:34,886 - aqt.updater - INFO - updater 140227415366528 Patching /home/runner/work/FreeCAD/Qt/6.8.3/gcc_64/lib/libQt6QuickTemplates2.prl
2026-09-14 00:53:34,886 - aqt.updater - INFO - updater 140227415366528 Patching /home/runner/work/FreeCAD/Qt/6.8.3/gcc_64/lib/libQt6QuickControls2UniversalStyleImpl.prl
2026-09-14 00:53:34,886 - aqt.updater - INFO - updater 140227415366528 Patching /home/runner/work/FreeCAD/Qt/6.8.3/gcc_64/lib/libQt6QuickControls2FusionStyleImpl.prl
2026-09-14 00:53:34,886 - aqt.updater - INFO - updater 140227415366528 Patching /home/runner/work/FreeCAD/Qt/6.8.3/gcc_64/lib/libQt6Quick.prl
2026-09-14 00:53:34,887 - aqt.updater - INFO - updater 140227415366528 Patching /home/runner/work/FreeCAD/Qt/6.8.3/gcc_64/lib/libQt6QuickDialogs2.prl
2026-09-14 00:53:34,887 - aqt.updater - INFO - updater 140227415366528 Patching /home/runner/work/FreeCAD/Qt/6.8.3/gcc_64/lib/libQt6WaylandClient.prl
2026-09-14 00:53:34,887 - aqt.updater - INFO - updater 140227415366528 Patching /home/runner/work/FreeCAD/Qt/6.8.3/gcc_64/lib/libQt6DeviceDiscoverySupport.prl
2026-09-14 00:53:34,887 - aqt.updater - INFO - updater 140227415366528 Patching /home/runner/work/FreeCAD/Qt/6.8.3/gcc_64/lib/libQt6QmlWorkerScript.prl
2026-09-14 00:53:34,887 - aqt.updater - INFO - updater 140227415366528 Patching /home/runner/work/FreeCAD/Qt/6.8.3/gcc_64/lib/libQt6QuickControls2Universal.prl
2026-09-14 00:53:34,888 - aqt.updater - INFO - updater 140227415366528 Patching /home/runner/work/FreeCAD/Qt/6.8.3/gcc_64/lib/libQt6Gui.prl
2026-09-14 00:53:34,888 - aqt.updater - INFO - updater 140227415366528 Patching /home/runner/work/FreeCAD/Qt/6.8.3/gcc_64/lib/libQt6QuickControls2ImagineStyleImpl.prl
2026-09-14 00:53:34,888 - aqt.updater - INFO - updater 140227415366528 Patching /home/runner/work/FreeCAD/Qt/6.8.3/gcc_64/lib/libQt6Concurrent.prl
2026-09-14 00:53:34,888 - aqt.updater - INFO - updater 140227415366528 Patching /home/runner/work/FreeCAD/Qt/6.8.3/gcc_64/lib/libQt6Network.prl
2026-09-14 00:53:34,888 - aqt.updater - INFO - updater 140227415366528 Patching /home/runner/work/FreeCAD/Qt/6.8.3/gcc_64/lib/libQt6QuickControls2Material.prl
2026-09-14 00:53:34,889 - aqt.updater - INFO - updater 140227415366528 Patching /home/runner/work/FreeCAD/Qt/6.8.3/gcc_64/lib/libQt6QuickVectorImageGenerator.prl
2026-09-14 00:53:34,889 - aqt.updater - INFO - updater 140227415366528 Patching /home/runner/work/FreeCAD/Qt/6.8.3/gcc_64/lib/libQt6QmlXmlListModel.prl
2026-09-14 00:53:34,889 - aqt.updater - INFO - updater 140227415366528 Patching /home/runner/work/FreeCAD/Qt/6.8.3/gcc_64/lib/libQt6ExampleIcons.prl
2026-09-14 00:53:34,889 - aqt.updater - INFO - updater 140227415366528 Patching /home/runner/work/FreeCAD/Qt/6.8.3/gcc_64/lib/libQt6Widgets.prl
2026-09-14 00:53:34,889 - aqt.updater - INFO - updater 140227415366528 Patching /home/runner/work/FreeCAD/Qt/6.8.3/gcc_64/lib/libQt6EglFSDeviceIntegration.prl
2026-09-14 00:53:34,890 - aqt.updater - INFO - updater 140227415366528 Patching /home/runner/work/FreeCAD/Qt/6.8.3/gcc_64/lib/libQt6QuickParticles.prl
2026-09-14 00:53:34,890 - aqt.updater - INFO - updater 140227415366528 Patching /home/runner/work/FreeCAD/Qt/6.8.3/gcc_64/lib/libQt6LabsSettings.prl
2026-09-14 00:53:34,890 - aqt.updater - INFO - updater 140227415366528 Patching /home/runner/work/FreeCAD/Qt/6.8.3/gcc_64/lib/libQt6QuickControls2Fusion.prl
2026-09-14 00:53:34,890 - aqt.updater - INFO - updater 140227415366528 Patching /home/runner/work/FreeCAD/Qt/6.8.3/gcc_64/lib/libQt6QmlMeta.prl
2026-09-14 00:53:34,890 - aqt.updater - INFO - updater 140227415366528 Patching /home/runner/work/FreeCAD/Qt/6.8.3/gcc_64/lib/libQt6QuickDialogs2Utils.prl
2026-09-14 00:53:34,891 - aqt.updater - INFO - updater 140227415366528 Patching /home/runner/work/FreeCAD/Qt/6.8.3/gcc_64/lib/libQt6Xml.prl
2026-09-14 00:53:34,891 - aqt.updater - INFO - updater 140227415366528 Patching /home/runner/work/FreeCAD/Qt/6.8.3/gcc_64/lib/libQt6QuickDialogs2QuickImpl.prl
2026-09-14 00:53:34,891 - aqt.updater - INFO - updater 140227415366528 Patching /home/runner/work/FreeCAD/Qt/6.8.3/gcc_64/lib/libQt6XcbQpa.prl
2026-09-14 00:53:34,891 - aqt.updater - INFO - updater 140227415366528 Patching /home/runner/work/FreeCAD/Qt/6.8.3/gcc_64/lib/libQt6QmlNetwork.prl
2026-09-14 00:53:34,891 - aqt.updater - INFO - updater 140227415366528 Patching /home/runner/work/FreeCAD/Qt/6.8.3/gcc_64/lib/libQt6QuickTest.prl
2026-09-14 00:53:34,891 - aqt.updater - INFO - updater 140227415366528 Patching /home/runner/work/FreeCAD/Qt/6.8.3/gcc_64/lib/libQt6ExamplesAssetDownloader.prl
2026-09-14 00:53:34,892 - aqt.updater - INFO - updater 140227415366528 Patching /home/runner/work/FreeCAD/Qt/6.8.3/gcc_64/lib/libQt6QuickControls2MaterialStyleImpl.prl
2026-09-14 00:53:34,892 - aqt.updater - INFO - updater 140227415366528 Patching /home/runner/work/FreeCAD/Qt/6.8.3/gcc_64/lib/libQt6LabsWavefrontMesh.prl
2026-09-14 00:53:34,892 - aqt.updater - INFO - updater 140227415366528 Patching /home/runner/work/FreeCAD/Qt/6.8.3/gcc_64/lib/libQt6Test.prl
2026-09-14 00:53:34,892 - aqt.updater - INFO - updater 140227415366528 Patching /home/runner/work/FreeCAD/Qt/6.8.3/gcc_64/lib/libQt6FbSupport.prl
2026-09-14 00:53:34,892 - aqt.updater - INFO - updater 140227415366528 Patching /home/runner/work/FreeCAD/Qt/6.8.3/gcc_64/lib/libQt6Core.prl
2026-09-14 00:53:34,893 - aqt.updater - INFO - updater 140227415366528 Patching /home/runner/work/FreeCAD/Qt/6.8.3/gcc_64/lib/libQt6QuickWidgets.prl
2026-09-14 00:53:34,893 - aqt.updater - INFO - updater 140227415366528 Patching /home/runner/work/FreeCAD/Qt/6.8.3/gcc_64/lib/libQt6QuickControls2.prl
2026-09-14 00:53:34,893 - aqt.updater - INFO - updater 140227415366528 Patching /home/runner/work/FreeCAD/Qt/6.8.3/gcc_64/lib/libQt6QmlToolingSettings.prl
2026-09-14 00:53:34,893 - aqt.updater - INFO - updater 140227415366528 Patching /home/runner/work/FreeCAD/Qt/6.8.3/gcc_64/lib/libQt6WlShellIntegration.prl
2026-09-14 00:53:34,893 - aqt.updater - INFO - updater 140227415366528 Patching /home/runner/work/FreeCAD/Qt/6.8.3/gcc_64/lib/libQt6OpenGLWidgets.prl
2026-09-14 00:53:34,894 - aqt.updater - INFO - updater 140227415366528 Patching /home/runner/work/FreeCAD/Qt/6.8.3/gcc_64/lib/libQt6SvgWidgets.prl
2026-09-14 00:53:34,894 - aqt.updater - INFO - updater 140227415366528 Patching /home/runner/work/FreeCAD/Qt/6.8.3/gcc_64/lib/libQt6QuickControls2Basic.prl
2026-09-14 00:53:34,894 - aqt.updater - INFO - updater 140227415366528 Patching /home/runner/work/FreeCAD/Qt/6.8.3/gcc_64/lib/libQt6QuickControls2BasicStyleImpl.prl
2026-09-14 00:53:34,894 - aqt.updater - INFO - updater 140227415366528 Patching /home/runner/work/FreeCAD/Qt/6.8.3/gcc_64/lib/libQt6DBus.prl
2026-09-14 00:53:34,894 - aqt.updater - INFO - updater 140227415366528 Patching /home/runner/work/FreeCAD/Qt/6.8.3/gcc_64/lib/libQt6QmlModels.prl
2026-09-14 00:53:34,895 - aqt.updater - INFO - updater 140227415366528 Patching /home/runner/work/FreeCAD/Qt/6.8.3/gcc_64/lib/libQt6OpenGL.prl
2026-09-14 00:53:34,895 - aqt.updater - INFO - updater 140227415366528 Patching /home/runner/work/FreeCAD/Qt/6.8.3/gcc_64/lib/libQt6QmlLS.prl
2026-09-14 00:53:34,895 - aqt.updater - INFO - updater 140227415366528 Patching /home/runner/work/FreeCAD/Qt/6.8.3/gcc_64/lib/libQt6WaylandEglClientHwIntegration.prl
2026-09-14 00:53:34,895 - aqt.updater - INFO - updater 140227415366528 Patching /home/runner/work/FreeCAD/Qt/6.8.3/gcc_64/lib/libQt6QmlDom.prl
2026-09-14 00:53:34,895 - aqt.updater - INFO - updater 140227415366528 Patching /home/runner/work/FreeCAD/Qt/6.8.3/gcc_64/lib/libQt6QmlCompiler.prl
2026-09-14 00:53:34,896 - aqt.updater - INFO - updater 140227415366528 Patching /home/runner/work/FreeCAD/Qt/6.8.3/gcc_64/lib/libQt6QuickEffects.prl
2026-09-14 00:53:34,896 - aqt.updater - INFO - updater 140227415366528 Patching /home/runner/work/FreeCAD/Qt/6.8.3/gcc_64/lib/libQt6LabsAnimation.prl
2026-09-14 00:53:34,896 - aqt.updater - INFO - updater 140227415366528 Patching /home/runner/work/FreeCAD/Qt/6.8.3/gcc_64/lib/libQt6QuickTestUtils.prl
2026-09-14 00:53:34,896 - aqt.updater - INFO - updater 140227415366528 Patching /home/runner/work/FreeCAD/Qt/6.8.3/gcc_64/lib/libQt6QuickShapes.prl
2026-09-14 00:53:34,896 - aqt.updater - INFO - updater 140227415366528 Patching /home/runner/work/FreeCAD/Qt/6.8.3/gcc_64/lib/libQt6PacketProtocol.prl
2026-09-14 00:53:34,897 - aqt.updater - INFO - updater 140227415366528 Patching /home/runner/work/FreeCAD/Qt/6.8.3/gcc_64/lib/libQt6Svg.prl
2026-09-14 00:53:34,897 - aqt.main - INFO - installer 140227415366528 Finished installation
2026-09-14 00:53:34,897 - aqt.main - INFO - installer 140227415366528 Time elapsed: 18.65944982 second
